soc9_train_eval_all18        R0 2.105  A2 2.088  GBDT 0.866 | R0-A2 +0.017 [-0.063,+0.090] p=0.673 improved 15/44 dz=+0.064
                             record RMSE: R0 2.463 A2 2.523 GBDT 1.293 | per-seed R0 [2.0059, 2.2034] A2 [2.0275, 2.1476]
soc9_train_eval_3soc         R0 2.204  A2 2.189  GBDT 0.923 | R0-A2 +0.014 [-0.064,+0.086] p=0.729 improved 14/44 dz=+0.055
                             record RMSE: R0 2.485 A2 2.548 GBDT 1.268 | per-seed R0 [2.0946, 2.3133] A2 [2.1151, 2.2639]
soc3_train_seeds01           R0 2.095  A2 2.037  GBDT 0.935 | R0-A2 +0.058 [-0.006,+0.127] p=0.096 improved 21/44 dz=+0.254
                             record RMSE: R0 2.354 A2 2.379 GBDT 1.300 | per-seed R0 [2.0269, 2.1625] A2 [2.0097, 2.0633]
soc3_train_seeds012          R0 2.030  A2 2.026  GBDT 0.935 | R0-A2 +0.004 [-0.053,+0.060] p=0.902 improved 21/44 dz=+0.018
                             record RMSE: R0 2.324 A2 2.358 GBDT 1.300 | per-seed R0 [2.0269, 2.1625, 1.8995] A2 [2.0097, 2.0633, 2.0051]

per nominal SOC (9-SOC training; cell-RPT agg of chg+dchg at that SOC):
SOC 10: R0 2.639 A2 2.613 GBDT 1.082  R0-A2 +0.026 [-0.064,+0.112] p=0.572 holm=1.000 impr 18/44
SOC 20: R0 2.319 A2 2.369 GBDT 1.146  R0-A2 -0.050 [-0.129,+0.024] p=0.227 holm=1.000 impr 22/44 || 3SOC-train s01: R0 2.171 A2 2.182 GBDT 1.150 R0-A2 -0.011 p=0.747 | s012: R0-A2 -0.021 p=0.455
SOC 30: R0 2.228 A2 2.261 GBDT 1.106  R0-A2 -0.033 [-0.105,+0.038] p=0.374 holm=1.000 impr 20/44
SOC 40: R0 2.238 A2 2.245 GBDT 1.073  R0-A2 -0.007 [-0.089,+0.073] p=0.868 holm=1.000 impr 22/44
SOC 50: R0 2.233 A2 2.203 GBDT 1.071  R0-A2 +0.030 [-0.055,+0.111] p=0.503 holm=1.000 impr 17/44 || 3SOC-train s01: R0 2.271 A2 2.305 GBDT 1.075 R0-A2 -0.034 p=0.508 | s012: R0-A2 -0.032 p=0.459
SOC 60: R0 2.277 A2 2.241 GBDT 1.097  R0-A2 +0.035 [-0.063,+0.130] p=0.500 holm=1.000 impr 20/44
SOC 70: R0 2.368 A2 2.358 GBDT 1.177  R0-A2 +0.010 [-0.084,+0.096] p=0.829 holm=1.000 impr 15/44
SOC 80: R0 2.373 A2 2.416 GBDT 1.190  R0-A2 -0.043 [-0.129,+0.040] p=0.354 holm=1.000 impr 20/44
SOC 90: R0 2.568 A2 2.595 GBDT 1.144  R0-A2 -0.027 [-0.117,+0.060] p=0.563 holm=1.000 impr 20/44 || 3SOC-train s01: R0 2.374 A2 2.283 GBDT 1.220 R0-A2 +0.091 p=0.041 | s012: R0-A2 +0.002 p=0.960

per SOC x direction:
10_chg    R0 2.866 A2 2.853 GBDT 1.231 diff +0.012 p=0.714 impr 19
10_dchg   R0 2.784 A2 2.846 GBDT 1.392 diff -0.062 p=0.401 impr 19
20_chg    R0 2.524 A2 2.547 GBDT 1.251 diff -0.022 p=0.636 impr 22
20_dchg   R0 2.580 A2 2.720 GBDT 1.400 diff -0.140 p=0.007 impr 23
30_chg    R0 2.443 A2 2.514 GBDT 1.195 diff -0.071 p=0.118 impr 23
30_dchg   R0 2.534 A2 2.608 GBDT 1.380 diff -0.075 p=0.065 impr 26
40_chg    R0 2.503 A2 2.548 GBDT 1.203 diff -0.045 p=0.370 impr 27
40_dchg   R0 2.433 A2 2.433 GBDT 1.321 diff -0.000 p=0.995 impr 21
50_chg    R0 2.486 A2 2.507 GBDT 1.185 diff -0.021 p=0.693 impr 26
50_dchg   R0 2.376 A2 2.354 GBDT 1.279 diff +0.022 p=0.632 impr 18
60_chg    R0 2.476 A2 2.477 GBDT 1.277 diff -0.001 p=0.983 impr 24
60_dchg   R0 2.441 A2 2.424 GBDT 1.244 diff +0.018 p=0.749 impr 20
70_chg    R0 2.634 A2 2.614 GBDT 1.343 diff +0.020 p=0.721 impr 18
70_dchg   R0 2.478 A2 2.508 GBDT 1.381 diff -0.030 p=0.554 impr 22
80_chg    R0 2.616 A2 2.621 GBDT 1.280 diff -0.005 p=0.927 impr 17
80_dchg   R0 2.584 A2 2.667 GBDT 1.465 diff -0.084 p=0.066 impr 24
90_chg    R0 2.774 A2 2.786 GBDT 1.267 diff -0.012 p=0.832 impr 19
90_dchg   R0 2.816 A2 2.868 GBDT 1.341 diff -0.053 p=0.219 impr 24

9-SOC vs 3-SOC training (eval 20/50/90, seeds 0-1), paired per cell (9 minus 3):
  R0: +0.109 [+0.025,+0.191] p=0.016 improved 15/44
  A2: +0.153 [+0.084,+0.222] p=0.000 improved 11/44
  GBDT: -0.012 [-0.047,+0.025] p=0.522 improved 25/44
  DiD (R0-A2)_9 - (R0-A2)_3: -0.044 [-0.146,+0.050] p=0.403

run diagnostics:
R0 mean time 84s, mean epochs 25.8, mean best_epoch 10.8
A2 mean time 8s, mean epochs 23.6, mean best_epoch 8.6
GBDT [{'fold': 0, 'hp': [0.1, 31.0, 100.0, 1000.0], 'val_rmse': 0.8145}, {'fold': 1, 'hp': [0.1, 31.0, 100.0, 1000.0], 'val_rmse': 1.0239}, {'fold': 2, 'hp': [0.1, 31.0, 100.0, 1000.0], 'val_rmse': 0.7089}, {'fold': 3, 'hp': [0.1, 31.0, 100.0, 1000.0], 'val_rmse': 1.0166}, {'fold': 4, 'hp': [0.1, 31.0, 100.0, 1000.0], 'val_rmse': 0.7396}]
0 overlap 44 level9 [np.str_('glob_q10'), np.str_('glob_q5'), np.str_('glob_V100'), np.str_('seg_s2_intercept'), np.str_('glob_q95')] | level3 [np.str_('glob_V0'), np.str_('glob_V100'), np.str_('glob_q10'), np.str_('glob_q5'), np.str_('seg_s2_intercept'), np.str_('glob_q95')]
1 overlap 44 level9 [np.str_('glob_q10'), np.str_('glob_q5'), np.str_('glob_V100'), np.str_('seg_s2_intercept'), np.str_('glob_q95')] | level3 [np.str_('glob_V0'), np.str_('glob_V100'), np.str_('glob_q5'), np.str_('glob_mean'), np.str_('seg_s2_intercept'), np.str_('glob_q95')]
2 overlap 38 level9 [np.str_('glob_q10'), np.str_('glob_q5'), np.str_('glob_V100'), np.str_('seg_s2_intercept'), np.str_('glob_q95')] | level3 [np.str_('glob_V0'), np.str_('glob_V100'), np.str_('glob_q5'), np.str_('glob_mean'), np.str_('seg_s2_intercept'), np.str_('glob_q95')]
3 overlap 42 level9 [np.str_('glob_q10'), np.str_('glob_q5'), np.str_('glob_V100'), np.str_('seg_s2_intercept'), np.str_('glob_q95')] | level3 [np.str_('glob_V0'), np.str_('glob_V100'), np.str_('glob_q5'), np.str_('glob_mean'), np.str_('seg_s2_intercept'), np.str_('glob_q95')]
4 overlap 40 level9 [np.str_('glob_q10'), np.str_('glob_q5'), np.str_('glob_V100'), np.str_('seg_s2_intercept'), np.str_('glob_q95')] | level3 [np.str_('glob_V0'), np.str_('glob_V100'), np.str_('glob_q10'), np.str_('glob_q5'), np.str_('seg_s2_intercept'), np.str_('glob_q95')]
