===== LFP
seed0
    first_rpt {'diff': -0.619, 'p': 0.0, 'improved': 58, 'n': 64}
    soh_ge90_excl_first {'diff': -0.138, 'p': 0.0, 'improved': 43, 'n': 64}
    soh_80_90 {'diff': 0.048, 'p': 0.121, 'improved': 27, 'n': 64}
    soh_72_80 {'diff': -0.017, 'p': 0.752, 'improved': 38, 'n': 64}
    all_excl_first {'diff': -0.069, 'p': 0.01, 'improved': 39, 'n': 64}
    all {'diff': -0.081, 'p': 0.003, 'improved': 42, 'n': 64}
    first_rpt_bias {'R0': -0.993, 'A2': -1.612}
seed1
    first_rpt {'diff': 0.307, 'p': 0.0, 'improved': 10, 'n': 64}
    soh_ge90_excl_first {'diff': 0.024, 'p': 0.129, 'improved': 25, 'n': 64}
    soh_80_90 {'diff': 0.037, 'p': 0.262, 'improved': 28, 'n': 64}
    soh_72_80 {'diff': -0.059, 'p': 0.101, 'improved': 38, 'n': 64}
    all_excl_first {'diff': 0.022, 'p': 0.186, 'improved': 30, 'n': 64}
    all {'diff': 0.031, 'p': 0.056, 'improved': 29, 'n': 64}
    first_rpt_bias {'R0': -1.595, 'A2': -1.288}
seed2
    first_rpt {'diff': 0.289, 'p': 0.0, 'improved': 12, 'n': 64}
    soh_ge90_excl_first {'diff': 0.044, 'p': 0.104, 'improved': 19, 'n': 64}
    soh_80_90 {'diff': -0.13, 'p': 0.054, 'improved': 46, 'n': 64}
    soh_72_80 {'diff': -1.013, 'p': 0.0, 'improved': 63, 'n': 64}
    all_excl_first {'diff': -0.097, 'p': 0.003, 'improved': 43, 'n': 64}
    all {'diff': -0.089, 'p': 0.004, 'improved': 42, 'n': 64}
    first_rpt_bias {'R0': -1.245, 'A2': -0.943}
seedavg
    first_rpt {'a': 1.278, 'b': 1.286, 'diff': -0.008, 'lo': -0.055, 'hi': 0.038, 'p': 0.736, 'improved': 29, 'n': 64, 'dz': -0.041}
    soh_ge90_excl_first {'a': 1.055, 'b': 1.078, 'diff': -0.023, 'lo': -0.046, 'hi': 0.0, 'p': 0.065, 'improved': 40, 'n': 64, 'dz': -0.241}
    soh_80_90 {'a': 1.908, 'b': 1.923, 'diff': -0.015, 'lo': -0.072, 'hi': 0.043, 'p': 0.608, 'improved': 38, 'n': 64, 'dz': -0.064}
    soh_72_80 {'a': 2.057, 'b': 2.42, 'diff': -0.363, 'lo': -0.404, 'hi': -0.322, 'p': 0.0, 'improved': 63, 'n': 64, 'dz': -2.123}
    all_excl_first {'a': 1.43, 'b': 1.478, 'diff': -0.048, 'lo': -0.074, 'hi': -0.022, 'p': 0.001, 'improved': 42, 'n': 64, 'dz': -0.446}
    all {'a': 1.427, 'b': 1.474, 'diff': -0.046, 'lo': -0.072, 'hi': -0.021, 'p': 0.001, 'improved': 42, 'n': 64, 'dz': -0.442}
===== NMC
seed0
    first_rpt {'diff': 0.246, 'p': 0.082, 'improved': 16, 'n': 44}
    soh_ge90_excl_first {'diff': -0.04, 'p': 0.642, 'improved': 21, 'n': 44}
    soh_80_90 {'diff': -0.13, 'p': 0.088, 'improved': 27, 'n': 44}
    soh_72_80 {'diff': 0.121, 'p': 0.291, 'improved': 16, 'n': 44}
    soh_lt72 {'diff': 0.08, 'p': 0.587, 'improved': 21, 'n': 44}
    all_excl_first {'diff': -0.002, 'p': 0.97, 'improved': 25, 'n': 44}
    all {'diff': 0.017, 'p': 0.717, 'improved': 23, 'n': 44}
    first_rpt_bias {'R0': -3.662, 'A2': -3.416}
seed1
    first_rpt {'diff': 0.318, 'p': 0.0, 'improved': 9, 'n': 44}
    soh_ge90_excl_first {'diff': 0.3, 'p': 0.001, 'improved': 10, 'n': 44}
    soh_80_90 {'diff': -0.075, 'p': 0.219, 'improved': 24, 'n': 44}
    soh_72_80 {'diff': -0.049, 'p': 0.55, 'improved': 26, 'n': 44}
    soh_lt72 {'diff': 0.064, 'p': 0.613, 'improved': 24, 'n': 44}
    all_excl_first {'diff': 0.083, 'p': 0.048, 'improved': 15, 'n': 44}
    all {'diff': 0.099, 'p': 0.012, 'improved': 14, 'n': 44}
    first_rpt_bias {'R0': -4.203, 'A2': -3.885}
seed2
    first_rpt {'diff': 0.382, 'p': 0.0, 'improved': 10, 'n': 44}
    soh_ge90_excl_first {'diff': 0.159, 'p': 0.004, 'improved': 12, 'n': 44}
    soh_80_90 {'diff': -0.018, 'p': 0.847, 'improved': 31, 'n': 44}
    soh_72_80 {'diff': -0.307, 'p': 0.007, 'improved': 31, 'n': 44}
    soh_lt72 {'diff': -0.522, 'p': 0.0, 'improved': 35, 'n': 44}
    all_excl_first {'diff': -0.151, 'p': 0.017, 'improved': 33, 'n': 44}
    all {'diff': -0.106, 'p': 0.067, 'improved': 30, 'n': 44}
    first_rpt_bias {'R0': -3.195, 'A2': -2.813}
seedavg
    first_rpt {'a': 3.687, 'b': 3.371, 'diff': 0.316, 'lo': 0.164, 'hi': 0.465, 'p': 0.0, 'improved': 9, 'n': 44, 'dz': 0.6}
    soh_ge90_excl_first {'a': 1.511, 'b': 1.371, 'diff': 0.14, 'lo': 0.04, 'hi': 0.241, 'p': 0.014, 'improved': 18, 'n': 44, 'dz': 0.396}
    soh_80_90 {'a': 1.522, 'b': 1.596, 'diff': -0.074, 'lo': -0.165, 'hi': 0.014, 'p': 0.11, 'improved': 28, 'n': 44, 'dz': -0.243}
    soh_72_80 {'a': 1.719, 'b': 1.797, 'diff': -0.078, 'lo': -0.16, 'hi': -0.002, 'p': 0.07, 'improved': 23, 'n': 44, 'dz': -0.289}
    soh_lt72 {'a': 2.263, 'b': 2.389, 'diff': -0.126, 'lo': -0.276, 'hi': 0.029, 'p': 0.116, 'improved': 28, 'n': 44, 'dz': -0.243}
    all_excl_first {'a': 1.91, 'b': 1.934, 'diff': -0.023, 'lo': -0.084, 'hi': 0.036, 'p': 0.465, 'improved': 27, 'n': 44, 'dz': -0.114}
    all {'a': 2.03, 'b': 2.026, 'diff': 0.004, 'lo': -0.053, 'hi': 0.06, 'p': 0.902, 'improved': 21, 'n': 44, 'dz': 0.019}
